\BOOKMARK [0][-]{chapter.1}{\376\377\000I\000n\000t\000r\000o\000d\000u\000c\000t\000i\000o\000n}{}% 1
\BOOKMARK [0][-]{chapter.2}{\376\377\000M\000o\000d\000u\000l\000e\000s}{}% 2
\BOOKMARK [1][-]{section.2.1}{\376\377\000M\000o\000d\000u\000l\000e\000\040\0001\000:\000\040\000S\000e\000g\000m\000e\000n\000t\000a\000t\000i\000o\000n}{chapter.2}% 3
\BOOKMARK [2][-]{subsection.2.1.1}{\376\377\000S\000p\000e\000c\000i\000f\000i\000c\000a\000t\000i\000o\000n\000s}{section.2.1}% 4
\BOOKMARK [2][-]{subsection.2.1.2}{\376\377\000A\000n\000a\000l\000y\000s\000i\000s}{section.2.1}% 5
\BOOKMARK [2][-]{subsection.2.1.3}{\376\377\000D\000e\000s\000i\000g\000n}{section.2.1}% 6
\BOOKMARK [2][-]{subsection.2.1.4}{\376\377\000R\000e\000s\000u\000l\000t\000i\000n\000g\000\040\000D\000e\000s\000i\000g\000n}{section.2.1}% 7
\BOOKMARK [2][-]{subsection.2.1.5}{\376\377\000T\000e\000s\000t\000i\000n\000g}{section.2.1}% 8
\BOOKMARK [2][-]{subsection.2.1.6}{\376\377\000C\000o\000n\000c\000l\000u\000s\000i\000o\000n}{section.2.1}% 9
\BOOKMARK [1][-]{section.2.2}{\376\377\000M\000o\000d\000u\000l\000e\000\040\0002}{chapter.2}% 10
\BOOKMARK [2][-]{subsection.2.2.1}{\376\377\000S\000p\000e\000c\000i\000f\000i\000c\000a\000t\000i\000o\000n\000s}{section.2.2}% 11
\BOOKMARK [2][-]{subsection.2.2.2}{\376\377\000A\000n\000a\000l\000y\000s\000i\000s}{section.2.2}% 12
\BOOKMARK [2][-]{subsection.2.2.3}{\376\377\000D\000e\000s\000i\000g\000n}{section.2.2}% 13
\BOOKMARK [2][-]{subsection.2.2.4}{\376\377\000R\000e\000s\000u\000l\000t\000i\000n\000g\000\040\000d\000e\000s\000i\000g\000n}{section.2.2}% 14
\BOOKMARK [2][-]{subsection.2.2.5}{\376\377\000T\000e\000s\000t\000i\000n\000g}{section.2.2}% 15
\BOOKMARK [2][-]{subsection.2.2.6}{\376\377\000C\000o\000n\000c\000l\000u\000s\000i\000o\000n}{section.2.2}% 16
\BOOKMARK [1][-]{section.2.3}{\376\377\000M\000o\000d\000u\000l\000e\000\040\0003}{chapter.2}% 17
\BOOKMARK [2][-]{subsection.2.3.1}{\376\377\000B\000e\000a\000m\000f\000o\000r\000m\000e\000r}{section.2.3}% 18
\BOOKMARK [2][-]{subsection.2.3.2}{\376\377\000M\000V\000D\000R}{section.2.3}% 19
\BOOKMARK [2][-]{subsection.2.3.3}{\376\377\000C\000o\000n\000c\000l\000u\000s\000i\000o\000n}{section.2.3}% 20
\BOOKMARK [1][-]{section.2.4}{\376\377\000M\000o\000d\000u\000l\000e\000\040\0004}{chapter.2}% 21
\BOOKMARK [2][-]{subsection.2.4.1}{\376\377\000S\000p\000e\000c\000i\000f\000i\000c\000a\000t\000i\000o\000n\000s}{section.2.4}% 22
\BOOKMARK [2][-]{subsection.2.4.2}{\376\377\000A\000n\000a\000l\000y\000s\000i\000s}{section.2.4}% 23
\BOOKMARK [2][-]{subsection.2.4.3}{\376\377\000D\000e\000s\000i\000g\000n}{section.2.4}% 24
\BOOKMARK [2][-]{subsection.2.4.4}{\376\377\000T\000e\000s\000t\000i\000n\000g}{section.2.4}% 25
\BOOKMARK [0][-]{chapter.3}{\376\377\000C\000o\000n\000c\000l\000u\000s\000i\000o\000n}{}% 26
\BOOKMARK [0][-]{chapter.4}{\376\377\000D\000i\000s\000c\000u\000s\000s\000i\000o\000n}{}% 27
\BOOKMARK [0][-]{appendix.A}{\376\377\000\040\000B\000l\000o\000c\000k\000\040\000d\000i\000a\000g\000r\000a\000m\000s}{}% 28
\BOOKMARK [0][-]{appendix.B}{\376\377\000M\000o\000d\000u\000l\000e\000\040\0003\000\040\000C\000a\000l\000c\000u\000l\000a\000t\000i\000o\000n\000s}{}% 29
\BOOKMARK [0][-]{appendix.C}{\376\377\000M\000o\000d\000u\000l\000e\000\040\0003\000\040\000f\000i\000g\000u\000r\000e\000s}{}% 30
\BOOKMARK [0][-]{appendix.D}{\376\377\000M\000o\000d\000u\000l\000e\000\040\0004\000\040\000f\000i\000g\000u\000r\000e\000s}{}% 31
\BOOKMARK [1][-]{section.D.1}{\376\377\000A\000s\000s\000i\000g\000n\000m\000e\000n\000t\000s\000\040\000m\000o\000d\000u\000l\000e\000\040\0003\000\040\000a\000n\000d\000\040\0004}{appendix.D}% 32
\BOOKMARK [2][-]{subsection.D.1.1}{\376\377\000A\000s\000s\000i\000g\000n\000m\000e\000n\000t\000\040\0006\000.\0002\000.\0003}{section.D.1}% 33
\BOOKMARK [2][-]{subsection.D.1.2}{\376\377\000A\000s\000s\000i\000g\000n\000m\000e\000n\000t\000\040\0006\000.\0002\000.\0006}{section.D.1}% 34
\BOOKMARK [2][-]{subsection.D.1.3}{\376\377\000A\000s\000s\000i\000g\000n\000m\000e\000n\000t\000\040\0006\000.\0002\000.\0009}{section.D.1}% 35
